Archive member included to satisfy reference by file (symbol)

/home/sohamchakraborty/Desktop/Project 2/lib_proj2.a(log.o)
                              obj/Debug/main.o (log_init)
/home/sohamchakraborty/Desktop/Project 2/lib_proj2.a(rtc.o)
                              obj/Debug/main.o (rtc_init)
/home/sohamchakraborty/Desktop/Project 2/lib_proj2.a(str.o)
                              /home/sohamchakraborty/Desktop/Project 2/lib_proj2.a(rtc.o) (str_cpy)
/home/sohamchakraborty/Desktop/Project 2/lib_proj2.a(uart.o)
                              obj/Debug/main.o (uart_init)
/home/sohamchakraborty/Desktop/Project 2/lib_proj2.a(util_part.o)
                              obj/Debug/main.o (dump_eeprom)
/home/sohamchakraborty/Desktop/Project 2/lib_proj2.a(serial.o)
                              /home/sohamchakraborty/Desktop/Project 2/lib_proj2.a(uart.o) (serial_init)
/usr/lib/gcc/avr/5.4.0/avr5/libgcc.a(_mulsi3.o)
                              /home/sohamchakraborty/Desktop/Project 2/lib_proj2.a(rtc.o) (__mulsi3)
/usr/lib/gcc/avr/5.4.0/avr5/libgcc.a(_udivmodhi4.o)
                              /home/sohamchakraborty/Desktop/Project 2/lib_proj2.a(rtc.o) (__udivmodhi4)
/usr/lib/gcc/avr/5.4.0/avr5/libgcc.a(_divmodhi4.o)
                              /home/sohamchakraborty/Desktop/Project 2/lib_proj2.a(log.o) (__divmodhi4)
/usr/lib/gcc/avr/5.4.0/avr5/libgcc.a(_udivmodsi4.o)
                              /home/sohamchakraborty/Desktop/Project 2/lib_proj2.a(rtc.o) (__udivmodsi4)
/usr/lib/gcc/avr/5.4.0/avr5/libgcc.a(_divmodsi4.o)
                              /home/sohamchakraborty/Desktop/Project 2/lib_proj2.a(uart.o) (__divmodsi4)
/usr/lib/gcc/avr/5.4.0/avr5/libgcc.a(_negsi2.o)
                              /usr/lib/gcc/avr/5.4.0/avr5/libgcc.a(_divmodsi4.o) (__negsi2)
/usr/lib/gcc/avr/5.4.0/avr5/libgcc.a(_exit.o)
                              /usr/lib/gcc/avr/5.4.0/../../../avr/lib/avr5/crtatmega328p.o (exit)
/usr/lib/gcc/avr/5.4.0/avr5/libgcc.a(_copy_data.o)
                              obj/Debug/config.o (__do_copy_data)
/usr/lib/gcc/avr/5.4.0/avr5/libgcc.a(_clear_bss.o)
                              obj/Debug/config.o (__do_clear_bss)
/usr/lib/gcc/avr/5.4.0/avr5/libgcc.a(_umulhisi3.o)
                              /home/sohamchakraborty/Desktop/Project 2/lib_proj2.a(rtc.o) (__umulhisi3)
/usr/lib/gcc/avr/5.4.0/avr5/libgcc.a(_muluhisi3.o)
                              /home/sohamchakraborty/Desktop/Project 2/lib_proj2.a(rtc.o) (__muluhisi3)
/usr/lib/gcc/avr/5.4.0/../../../avr/lib/avr5/libc.a(strlen.o)
                              obj/Debug/led.o (strlen)

Allocating common symbols
Common symbol       size              file

rxbuf               0x40              /home/sohamchakraborty/Desktop/Project 2/lib_proj2.a(serial.o)
modified            0x1               obj/Debug/config.o
vpd                 0x37              obj/Debug/main.o
writeaddr           0x2               obj/Debug/eeprom.o
rtc_base            0x4               /home/sohamchakraborty/Desktop/Project 2/lib_proj2.a(rtc.o)
writesize           0x1               obj/Debug/eeprom.o
writebuf            0x40              obj/Debug/eeprom.o
txbuf               0x40              /home/sohamchakraborty/Desktop/Project 2/lib_proj2.a(serial.o)
bufidx              0x1               obj/Debug/eeprom.o
config              0x12              obj/Debug/config.o

Memory Configuration

Name             Origin             Length             Attributes
text             0x0000000000000000 0x0000000000020000 xr
data             0x0000000000800060 0x000000000000ffa0 rw !x
eeprom           0x0000000000810000 0x0000000000010000 rw !x
fuse             0x0000000000820000 0x0000000000000003 rw !x
lock             0x0000000000830000 0x0000000000000400 rw !x
signature        0x0000000000840000 0x0000000000000400 rw !x
user_signatures  0x0000000000850000 0x0000000000000400 rw !x
*default*        0x0000000000000000 0xffffffffffffffff

Linker script and memory map

Address of section .data set to 0x800100
LOAD /usr/lib/gcc/avr/5.4.0/../../../avr/lib/avr5/crtatmega328p.o
LOAD obj/Debug/config.o
LOAD obj/Debug/delay.o
LOAD obj/Debug/eeprom.o
LOAD obj/Debug/led.o
LOAD obj/Debug/main.o
LOAD obj/Debug/timer1.o
LOAD obj/Debug/util.o
LOAD obj/Debug/vpd.o
LOAD /home/sohamchakraborty/Desktop/Project 2/lib_proj2.a
LOAD /tmp/ccqRPxk2.o
LOAD /tmp/ccrTBb1a.o
LOAD /tmp/cc0NMGLj.o
LOAD /usr/lib/gcc/avr/5.4.0/avr5/libgcc.a
LOAD /usr/lib/gcc/avr/5.4.0/../../../avr/lib/avr5/libm.a
START GROUP
LOAD /usr/lib/gcc/avr/5.4.0/avr5/libgcc.a
LOAD /usr/lib/gcc/avr/5.4.0/../../../avr/lib/avr5/libm.a
LOAD /usr/lib/gcc/avr/5.4.0/../../../avr/lib/avr5/libc.a
LOAD /usr/lib/gcc/avr/5.4.0/../../../avr/lib/avr5/libatmega328p.a
END GROUP
                0x0000000000020000                __TEXT_REGION_LENGTH__ = DEFINED (__TEXT_REGION_LENGTH__)?__TEXT_REGION_LENGTH__:0x20000
                0x000000000000ffa0                __DATA_REGION_LENGTH__ = DEFINED (__DATA_REGION_LENGTH__)?__DATA_REGION_LENGTH__:0xffa0
                0x0000000000010000                __EEPROM_REGION_LENGTH__ = DEFINED (__EEPROM_REGION_LENGTH__)?__EEPROM_REGION_LENGTH__:0x10000
                [0x0000000000000003]                __FUSE_REGION_LENGTH__ = DEFINED (__FUSE_REGION_LENGTH__)?__FUSE_REGION_LENGTH__:0x400
                0x0000000000000400                __LOCK_REGION_LENGTH__ = DEFINED (__LOCK_REGION_LENGTH__)?__LOCK_REGION_LENGTH__:0x400
                0x0000000000000400                __SIGNATURE_REGION_LENGTH__ = DEFINED (__SIGNATURE_REGION_LENGTH__)?__SIGNATURE_REGION_LENGTH__:0x400
                0x0000000000000400                __USER_SIGNATURE_REGION_LENGTH__ = DEFINED (__USER_SIGNATURE_REGION_LENGTH__)?__USER_SIGNATURE_REGION_LENGTH__:0x400

.hash
 *(.hash)

.dynsym
 *(.dynsym)

.dynstr
 *(.dynstr)

.gnu.version
 *(.gnu.version)

.gnu.version_d
 *(.gnu.version_d)

.gnu.version_r
 *(.gnu.version_r)

.rel.init
 *(.rel.init)

.rela.init
 *(.rela.init)

.rel.text
 *(.rel.text)
 *(.rel.text.*)
 *(.rel.gnu.linkonce.t*)

.rela.text
 *(.rela.text)
 *(.rela.text.*)
 *(.rela.gnu.linkonce.t*)

.rel.fini
 *(.rel.fini)

.rela.fini
 *(.rela.fini)

.rel.rodata
 *(.rel.rodata)
 *(.rel.rodata.*)
 *(.rel.gnu.linkonce.r*)

.rela.rodata
 *(.rela.rodata)
 *(.rela.rodata.*)
 *(.rela.gnu.linkonce.r*)

.rel.data
 *(.rel.data)
 *(.rel.data.*)
 *(.rel.gnu.linkonce.d*)

.rela.data
 *(.rela.data)
 *(.rela.data.*)
 *(.rela.gnu.linkonce.d*)

.rel.ctors
 *(.rel.ctors)

.rela.ctors
 *(.rela.ctors)

.rel.dtors
 *(.rel.dtors)

.rela.dtors
 *(.rela.dtors)

.rel.got
 *(.rel.got)

.rela.got
 *(.rela.got)

.rel.bss
 *(.rel.bss)

.rela.bss
 *(.rela.bss)

.rel.plt
 *(.rel.plt)

.rela.plt
 *(.rela.plt)

.text           0x0000000000000000     0x28e2
 *(.vectors)
 .vectors       0x0000000000000000       0x68 /usr/lib/gcc/avr/5.4.0/../../../avr/lib/avr5/crtatmega328p.o
                0x0000000000000000                __vectors
                0x0000000000000000                __vector_default
 *(.vectors)
 *(.progmem.gcc*)
                0x0000000000000068                . = ALIGN (0x2)
                0x0000000000000068                __trampolines_start = .
 *(.trampolines)
 .trampolines   0x0000000000000068        0x0 linker stubs
 *(.trampolines*)
                0x0000000000000068                __trampolines_end = .
 *libprintf_flt.a:*(.progmem.data)
 *libc.a:*(.progmem.data)
 *(.progmem*)
                0x0000000000000068                . = ALIGN (0x2)
 *(.jumptables)
 *(.jumptables*)
 *(.lowtext)
 *(.lowtext*)
                0x0000000000000068                __ctors_start = .
 *(.ctors)
                0x0000000000000068                __ctors_end = .
                0x0000000000000068                __dtors_start = .
 *(.dtors)
                0x0000000000000068                __dtors_end = .
 SORT(*)(.ctors)
 SORT(*)(.dtors)
 *(.init0)
 .init0         0x0000000000000068        0x0 /usr/lib/gcc/avr/5.4.0/../../../avr/lib/avr5/crtatmega328p.o
                0x0000000000000068                __init
 *(.init0)
 *(.init1)
 *(.init1)
 *(.init2)
 .init2         0x0000000000000068        0xc /usr/lib/gcc/avr/5.4.0/../../../avr/lib/avr5/crtatmega328p.o
 *(.init2)
 *(.init3)
 *(.init3)
 *(.init4)
 .init4         0x0000000000000074       0x16 /usr/lib/gcc/avr/5.4.0/avr5/libgcc.a(_copy_data.o)
                0x0000000000000074                __do_copy_data
 .init4         0x000000000000008a       0x10 /usr/lib/gcc/avr/5.4.0/avr5/libgcc.a(_clear_bss.o)
                0x000000000000008a                __do_clear_bss
 *(.init4)
 *(.init5)
 *(.init5)
 *(.init6)
 *(.init6)
 *(.init7)
 *(.init7)
 *(.init8)
 *(.init8)
 *(.init9)
 .init9         0x000000000000009a        0x8 /usr/lib/gcc/avr/5.4.0/../../../avr/lib/avr5/crtatmega328p.o
 *(.init9)
 *(.text)
 .text          0x00000000000000a2        0x4 /usr/lib/gcc/avr/5.4.0/../../../avr/lib/avr5/crtatmega328p.o
                0x00000000000000a2                __vector_1
                0x00000000000000a2                __vector_24
                0x00000000000000a2                __vector_12
                0x00000000000000a2                __bad_interrupt
                0x00000000000000a2                __vector_6
                0x00000000000000a2                __vector_3
                0x00000000000000a2                __vector_23
                0x00000000000000a2                __vector_25
                0x00000000000000a2                __vector_13
                0x00000000000000a2                __vector_17
                0x00000000000000a2                __vector_7
                0x00000000000000a2                __vector_5
                0x00000000000000a2                __vector_4
                0x00000000000000a2                __vector_9
                0x00000000000000a2                __vector_2
                0x00000000000000a2                __vector_21
                0x00000000000000a2                __vector_15
                0x00000000000000a2                __vector_8
                0x00000000000000a2                __vector_10
                0x00000000000000a2                __vector_16
                0x00000000000000a2                __vector_20
 .text          0x00000000000000a6      0x308 obj/Debug/config.o
                0x00000000000000a6                str_compare
                0x0000000000000150                config_init
                0x00000000000002a0                config_is_data_valid
                0x00000000000002d8                config_set_modified
                0x00000000000002ee                config_update
                0x0000000000000358                config_write_defaults
 .text          0x00000000000003ae      0x2a8 obj/Debug/delay.o
                0x00000000000003ae                delay_init
                0x000000000000042e                delay_get
                0x00000000000004ae                delay_set
                0x000000000000054e                delay_isdone
                0x00000000000005a6                __vector_14
 .text          0x0000000000000656      0x2ca obj/Debug/eeprom.o
                0x0000000000000656                eeprom_unlock
                0x000000000000065c                eeprom_readenable
                0x0000000000000660                eeprom_isbusy
                0x000000000000067e                eeprom_writebuf
                0x000000000000075a                eeprom_readbuf
                0x0000000000000804                __vector_22
                0x00000000000008fe                EEPROM_set_write_mode
 .text          0x0000000000000920      0x20e obj/Debug/led.o
                0x0000000000000920                led_init
                0x0000000000000954                led_on
                0x0000000000000976                led_off
                0x0000000000000998                led_is_on
                0x00000000000009c2                led_set_blink
                0x0000000000000a08                led_update
 .text          0x0000000000000b2e       0xe0 obj/Debug/main.o
                0x0000000000000b2e                main
 .text          0x0000000000000c0e      0x1be obj/Debug/timer1.o
                0x0000000000000c0e                timer1_init
                0x0000000000000c86                timer1_get
                0x0000000000000d0a                timer1_clear
                0x0000000000000d70                __vector_11
 .text          0x0000000000000dcc      0x11c obj/Debug/util.o
                0x0000000000000dcc                calc_checksum
                0x0000000000000e4e                update_checksum
                0x0000000000000ea2                is_checksum_valid
 .text          0x0000000000000ee8      0x27c obj/Debug/vpd.o
                0x0000000000000ee8                compare
                0x0000000000000f92                vpd_init
                0x00000000000010da                vpd_is_data_valid
                0x0000000000001112                vpd_write_defaults
 .text          0x0000000000001164      0x3d8 /home/sohamchakraborty/Desktop/Project 2/lib_proj2.a(log.o)
                0x0000000000001164                log_is_data_valid
                0x00000000000011b0                log_init
                0x000000000000133a                log_update
                0x00000000000013a6                log_add_record
                0x0000000000001448                log_clear
                0x0000000000001482                log_get_num_entries
                0x00000000000014b4                log_get_record
 .text          0x000000000000153c      0x5e6 /home/sohamchakraborty/Desktop/Project 2/lib_proj2.a(rtc.o)
                0x000000000000153c                rtc_init
                0x0000000000001540                rtc_get_date
                0x0000000000001566                is_leapyear
                0x000000000000159a                rtc_set_by_datestr
                0x0000000000001864                get_month
                0x00000000000018f4                rtc_num2datestr
                0x0000000000001afa                rtc_get_date_string
 .text          0x0000000000001b22       0xd8 /home/sohamchakraborty/Desktop/Project 2/lib_proj2.a(str.o)
                0x0000000000001b22                str_cpy
                0x0000000000001b36                str_writeudec16
 .text          0x0000000000001bfa      0x194 /home/sohamchakraborty/Desktop/Project 2/lib_proj2.a(uart.o)
                0x0000000000001bfa                uart_init
                0x0000000000001c02                uart_writechar
                0x0000000000001c06                uart_writestr
                0x0000000000001c1e                uart_writehex8
                0x0000000000001c50                uart_writehex16
                0x0000000000001c62                uart_writedec32
 .text          0x0000000000001d8e      0x194 /home/sohamchakraborty/Desktop/Project 2/lib_proj2.a(util_part.o)
                0x0000000000001d8e                dump_eeprom
 .text          0x0000000000001f22      0x1e4 /home/sohamchakraborty/Desktop/Project 2/lib_proj2.a(serial.o)
                0x0000000000001f22                serial_init
                0x0000000000001f48                __vector_18
                0x0000000000001faa                __vector_19
                0x0000000000002010                serial_rxchars
                0x000000000000201e                serial_popchar
                0x0000000000002052                serial_writechar
                0x00000000000020b2                serial_writestr
                0x00000000000020dc                serial_writestr_P
 .text          0x0000000000002106      0x2c2 /tmp/ccqRPxk2.o
                0x0000000000002106                _Z10delay_initv
                0x0000000000002186                _Z9delay_getj
                0x0000000000002206                _Z9delay_setjj
                0x00000000000022a6                _Z12delay_isdonej
                0x0000000000002306                _Z11__vector_14v
 .text          0x00000000000023c8      0x220 /tmp/ccrTBb1a.o
                0x00000000000023c8                _Z8led_initv
                0x00000000000023fc                _Z6led_onv
                0x000000000000241e                _Z7led_offv
                0x0000000000002440                _Z9led_is_onv
                0x000000000000246c                _Z13led_set_blinkPc
                0x00000000000024b2                _Z10led_updatev
 .text          0x00000000000025e8      0x1be /tmp/cc0NMGLj.o
                0x00000000000025e8                _Z11timer1_initv
                0x0000000000002660                _Z10timer1_getv
                0x00000000000026e4                _Z12timer1_clearv
                0x000000000000274a                _Z11__vector_11v
 .text          0x00000000000027a6        0x0 /usr/lib/gcc/avr/5.4.0/avr5/libgcc.a(_mulsi3.o)
 .text          0x00000000000027a6        0x0 /usr/lib/gcc/avr/5.4.0/avr5/libgcc.a(_udivmodhi4.o)
 .text          0x00000000000027a6        0x0 /usr/lib/gcc/avr/5.4.0/avr5/libgcc.a(_divmodhi4.o)
 .text          0x00000000000027a6        0x0 /usr/lib/gcc/avr/5.4.0/avr5/libgcc.a(_udivmodsi4.o)
 .text          0x00000000000027a6        0x0 /usr/lib/gcc/avr/5.4.0/avr5/libgcc.a(_divmodsi4.o)
 .text          0x00000000000027a6        0x0 /usr/lib/gcc/avr/5.4.0/avr5/libgcc.a(_negsi2.o)
 .text          0x00000000000027a6        0x0 /usr/lib/gcc/avr/5.4.0/avr5/libgcc.a(_exit.o)
 .text          0x00000000000027a6        0x0 /usr/lib/gcc/avr/5.4.0/avr5/libgcc.a(_copy_data.o)
 .text          0x00000000000027a6        0x0 /usr/lib/gcc/avr/5.4.0/avr5/libgcc.a(_clear_bss.o)
 .text          0x00000000000027a6        0x0 /usr/lib/gcc/avr/5.4.0/avr5/libgcc.a(_umulhisi3.o)
 .text          0x00000000000027a6        0x0 /usr/lib/gcc/avr/5.4.0/avr5/libgcc.a(_muluhisi3.o)
 .text          0x00000000000027a6        0x0 /usr/lib/gcc/avr/5.4.0/../../../avr/lib/avr5/libc.a(strlen.o)
                0x00000000000027a6                . = ALIGN (0x2)
 *(.text.*)
 .text.libgcc.mul
                0x00000000000027a6       0x20 /usr/lib/gcc/avr/5.4.0/avr5/libgcc.a(_mulsi3.o)
                0x00000000000027a6                __mulsi3
 .text.libgcc.div
                0x00000000000027c6        0x0 /usr/lib/gcc/avr/5.4.0/avr5/libgcc.a(_mulsi3.o)
 .text.libgcc   0x00000000000027c6        0x0 /usr/lib/gcc/avr/5.4.0/avr5/libgcc.a(_mulsi3.o)
 .text.libgcc.prologue
                0x00000000000027c6        0x0 /usr/lib/gcc/avr/5.4.0/avr5/libgcc.a(_mulsi3.o)
 .text.libgcc.builtins
                0x00000000000027c6        0x0 /usr/lib/gcc/avr/5.4.0/avr5/libgcc.a(_mulsi3.o)
 .text.libgcc.fmul
                0x00000000000027c6        0x0 /usr/lib/gcc/avr/5.4.0/avr5/libgcc.a(_mulsi3.o)
 .text.libgcc.fixed
                0x00000000000027c6        0x0 /usr/lib/gcc/avr/5.4.0/avr5/libgcc.a(_mulsi3.o)
 .text.libgcc.mul
                0x00000000000027c6        0x0 /usr/lib/gcc/avr/5.4.0/avr5/libgcc.a(_udivmodhi4.o)
 .text.libgcc.div
                0x00000000000027c6       0x28 /usr/lib/gcc/avr/5.4.0/avr5/libgcc.a(_udivmodhi4.o)
                0x00000000000027c6                __udivmodhi4
 .text.libgcc   0x00000000000027ee        0x0 /usr/lib/gcc/avr/5.4.0/avr5/libgcc.a(_udivmodhi4.o)
 .text.libgcc.prologue
                0x00000000000027ee        0x0 /usr/lib/gcc/avr/5.4.0/avr5/libgcc.a(_udivmodhi4.o)
 .text.libgcc.builtins
                0x00000000000027ee        0x0 /usr/lib/gcc/avr/5.4.0/avr5/libgcc.a(_udivmodhi4.o)
 .text.libgcc.fmul
                0x00000000000027ee        0x0 /usr/lib/gcc/avr/5.4.0/avr5/libgcc.a(_udivmodhi4.o)
 .text.libgcc.fixed
                0x00000000000027ee        0x0 /usr/lib/gcc/avr/5.4.0/avr5/libgcc.a(_udivmodhi4.o)
 .text.libgcc.mul
                0x00000000000027ee        0x0 /usr/lib/gcc/avr/5.4.0/avr5/libgcc.a(_divmodhi4.o)
 .text.libgcc.div
                0x00000000000027ee       0x28 /usr/lib/gcc/avr/5.4.0/avr5/libgcc.a(_divmodhi4.o)
                0x00000000000027ee                __divmodhi4
                0x00000000000027ee                _div
 .text.libgcc   0x0000000000002816        0x0 /usr/lib/gcc/avr/5.4.0/avr5/libgcc.a(_divmodhi4.o)
 .text.libgcc.prologue
                0x0000000000002816        0x0 /usr/lib/gcc/avr/5.4.0/avr5/libgcc.a(_divmodhi4.o)
 .text.libgcc.builtins
                0x0000000000002816        0x0 /usr/lib/gcc/avr/5.4.0/avr5/libgcc.a(_divmodhi4.o)
 .text.libgcc.fmul
                0x0000000000002816        0x0 /usr/lib/gcc/avr/5.4.0/avr5/libgcc.a(_divmodhi4.o)
 .text.libgcc.fixed
                0x0000000000002816        0x0 /usr/lib/gcc/avr/5.4.0/avr5/libgcc.a(_divmodhi4.o)
 .text.libgcc.mul
                0x0000000000002816        0x0 /usr/lib/gcc/avr/5.4.0/avr5/libgcc.a(_udivmodsi4.o)
 .text.libgcc.div
                0x0000000000002816       0x44 /usr/lib/gcc/avr/5.4.0/avr5/libgcc.a(_udivmodsi4.o)
                0x0000000000002816                __udivmodsi4
 .text.libgcc   0x000000000000285a        0x0 /usr/lib/gcc/avr/5.4.0/avr5/libgcc.a(_udivmodsi4.o)
 .text.libgcc.prologue
                0x000000000000285a        0x0 /usr/lib/gcc/avr/5.4.0/avr5/libgcc.a(_udivmodsi4.o)
 .text.libgcc.builtins
                0x000000000000285a        0x0 /usr/lib/gcc/avr/5.4.0/avr5/libgcc.a(_udivmodsi4.o)
 .text.libgcc.fmul
                0x000000000000285a        0x0 /usr/lib/gcc/avr/5.4.0/avr5/libgcc.a(_udivmodsi4.o)
 .text.libgcc.fixed
                0x000000000000285a        0x0 /usr/lib/gcc/avr/5.4.0/avr5/libgcc.a(_udivmodsi4.o)
 .text.libgcc.mul
                0x000000000000285a        0x0 /usr/lib/gcc/avr/5.4.0/avr5/libgcc.a(_divmodsi4.o)
 .text.libgcc.div
                0x000000000000285a       0x2e /usr/lib/gcc/avr/5.4.0/avr5/libgcc.a(_divmodsi4.o)
                0x000000000000285a                __divmodsi4
 .text.libgcc   0x0000000000002888        0x0 /usr/lib/gcc/avr/5.4.0/avr5/libgcc.a(_divmodsi4.o)
 .text.libgcc.prologue
                0x0000000000002888        0x0 /usr/lib/gcc/avr/5.4.0/avr5/libgcc.a(_divmodsi4.o)
 .text.libgcc.builtins
                0x0000000000002888        0x0 /usr/lib/gcc/avr/5.4.0/avr5/libgcc.a(_divmodsi4.o)
 .text.libgcc.fmul
                0x0000000000002888        0x0 /usr/lib/gcc/avr/5.4.0/avr5/libgcc.a(_divmodsi4.o)
 .text.libgcc.fixed
                0x0000000000002888        0x0 /usr/lib/gcc/avr/5.4.0/avr5/libgcc.a(_divmodsi4.o)
 .text.libgcc.mul
                0x0000000000002888        0x0 /usr/lib/gcc/avr/5.4.0/avr5/libgcc.a(_negsi2.o)
 .text.libgcc.div
                0x0000000000002888       0x10 /usr/lib/gcc/avr/5.4.0/avr5/libgcc.a(_negsi2.o)
                0x0000000000002888                __negsi2
 .text.libgcc   0x0000000000002898        0x0 /usr/lib/gcc/avr/5.4.0/avr5/libgcc.a(_negsi2.o)
 .text.libgcc.prologue
                0x0000000000002898        0x0 /usr/lib/gcc/avr/5.4.0/avr5/libgcc.a(_negsi2.o)
 .text.libgcc.builtins
                0x0000000000002898        0x0 /usr/lib/gcc/avr/5.4.0/avr5/libgcc.a(_negsi2.o)
 .text.libgcc.fmul
                0x0000000000002898        0x0 /usr/lib/gcc/avr/5.4.0/avr5/libgcc.a(_negsi2.o)
 .text.libgcc.fixed
                0x0000000000002898        0x0 /usr/lib/gcc/avr/5.4.0/avr5/libgcc.a(_negsi2.o)
 .text.libgcc.mul
                0x0000000000002898        0x0 /usr/lib/gcc/avr/5.4.0/avr5/libgcc.a(_exit.o)
 .text.libgcc.div
                0x0000000000002898        0x0 /usr/lib/gcc/avr/5.4.0/avr5/libgcc.a(_exit.o)
 .text.libgcc   0x0000000000002898        0x0 /usr/lib/gcc/avr/5.4.0/avr5/libgcc.a(_exit.o)
 .text.libgcc.prologue
                0x0000000000002898        0x0 /usr/lib/gcc/avr/5.4.0/avr5/libgcc.a(_exit.o)
 .text.libgcc.builtins
                0x0000000000002898        0x0 /usr/lib/gcc/avr/5.4.0/avr5/libgcc.a(_exit.o)
 .text.libgcc.fmul
                0x0000000000002898        0x0 /usr/lib/gcc/avr/5.4.0/avr5/libgcc.a(_exit.o)
 .text.libgcc.fixed
                0x0000000000002898        0x0 /usr/lib/gcc/avr/5.4.0/avr5/libgcc.a(_exit.o)
 .text.libgcc.mul
                0x0000000000002898        0x0 /usr/lib/gcc/avr/5.4.0/avr5/libgcc.a(_copy_data.o)
 .text.libgcc.div
                0x0000000000002898        0x0 /usr/lib/gcc/avr/5.4.0/avr5/libgcc.a(_copy_data.o)
 .text.libgcc   0x0000000000002898        0x0 /usr/lib/gcc/avr/5.4.0/avr5/libgcc.a(_copy_data.o)
 .text.libgcc.prologue
                0x0000000000002898        0x0 /usr/lib/gcc/avr/5.4.0/avr5/libgcc.a(_copy_data.o)
 .text.libgcc.builtins
                0x0000000000002898        0x0 /usr/lib/gcc/avr/5.4.0/avr5/libgcc.a(_copy_data.o)
 .text.libgcc.fmul
                0x0000000000002898        0x0 /usr/lib/gcc/avr/5.4.0/avr5/libgcc.a(_copy_data.o)
 .text.libgcc.fixed
                0x0000000000002898        0x0 /usr/lib/gcc/avr/5.4.0/avr5/libgcc.a(_copy_data.o)
 .text.libgcc.mul
                0x0000000000002898        0x0 /usr/lib/gcc/avr/5.4.0/avr5/libgcc.a(_clear_bss.o)
 .text.libgcc.div
                0x0000000000002898        0x0 /usr/lib/gcc/avr/5.4.0/avr5/libgcc.a(_clear_bss.o)
 .text.libgcc   0x0000000000002898        0x0 /usr/lib/gcc/avr/5.4.0/avr5/libgcc.a(_clear_bss.o)
 .text.libgcc.prologue
                0x0000000000002898        0x0 /usr/lib/gcc/avr/5.4.0/avr5/libgcc.a(_clear_bss.o)
 .text.libgcc.builtins
                0x0000000000002898        0x0 /usr/lib/gcc/avr/5.4.0/avr5/libgcc.a(_clear_bss.o)
 .text.libgcc.fmul
                0x0000000000002898        0x0 /usr/lib/gcc/avr/5.4.0/avr5/libgcc.a(_clear_bss.o)
 .text.libgcc.fixed
                0x0000000000002898        0x0 /usr/lib/gcc/avr/5.4.0/avr5/libgcc.a(_clear_bss.o)
 .text.libgcc.mul
                0x0000000000002898       0x1e /usr/lib/gcc/avr/5.4.0/avr5/libgcc.a(_umulhisi3.o)
                0x0000000000002898                __umulhisi3
 .text.libgcc.div
                0x00000000000028b6        0x0 /usr/lib/gcc/avr/5.4.0/avr5/libgcc.a(_umulhisi3.o)
 .text.libgcc   0x00000000000028b6        0x0 /usr/lib/gcc/avr/5.4.0/avr5/libgcc.a(_umulhisi3.o)
 .text.libgcc.prologue
                0x00000000000028b6        0x0 /usr/lib/gcc/avr/5.4.0/avr5/libgcc.a(_umulhisi3.o)
 .text.libgcc.builtins
                0x00000000000028b6        0x0 /usr/lib/gcc/avr/5.4.0/avr5/libgcc.a(_umulhisi3.o)
 .text.libgcc.fmul
                0x00000000000028b6        0x0 /usr/lib/gcc/avr/5.4.0/avr5/libgcc.a(_umulhisi3.o)
 .text.libgcc.fixed
                0x00000000000028b6        0x0 /usr/lib/gcc/avr/5.4.0/avr5/libgcc.a(_umulhisi3.o)
 .text.libgcc.mul
                0x00000000000028b6       0x16 /usr/lib/gcc/avr/5.4.0/avr5/libgcc.a(_muluhisi3.o)
                0x00000000000028b6                __muluhisi3
 .text.libgcc.div
                0x00000000000028cc        0x0 /usr/lib/gcc/avr/5.4.0/avr5/libgcc.a(_muluhisi3.o)
 .text.libgcc   0x00000000000028cc        0x0 /usr/lib/gcc/avr/5.4.0/avr5/libgcc.a(_muluhisi3.o)
 .text.libgcc.prologue
                0x00000000000028cc        0x0 /usr/lib/gcc/avr/5.4.0/avr5/libgcc.a(_muluhisi3.o)
 .text.libgcc.builtins
                0x00000000000028cc        0x0 /usr/lib/gcc/avr/5.4.0/avr5/libgcc.a(_muluhisi3.o)
 .text.libgcc.fmul
                0x00000000000028cc        0x0 /usr/lib/gcc/avr/5.4.0/avr5/libgcc.a(_muluhisi3.o)
 .text.libgcc.fixed
                0x00000000000028cc        0x0 /usr/lib/gcc/avr/5.4.0/avr5/libgcc.a(_muluhisi3.o)
 .text.avr-libc
                0x00000000000028cc       0x12 /usr/lib/gcc/avr/5.4.0/../../../avr/lib/avr5/libc.a(strlen.o)
                0x00000000000028cc                strlen
                0x00000000000028de                . = ALIGN (0x2)
 *(.fini9)
 .fini9         0x00000000000028de        0x0 /usr/lib/gcc/avr/5.4.0/avr5/libgcc.a(_exit.o)
                0x00000000000028de                exit
                0x00000000000028de                _exit
 *(.fini9)
 *(.fini8)
 *(.fini8)
 *(.fini7)
 *(.fini7)
 *(.fini6)
 *(.fini6)
 *(.fini5)
 *(.fini5)
 *(.fini4)
 *(.fini4)
 *(.fini3)
 *(.fini3)
 *(.fini2)
 *(.fini2)
 *(.fini1)
 *(.fini1)
 *(.fini0)
 .fini0         0x00000000000028de        0x4 /usr/lib/gcc/avr/5.4.0/avr5/libgcc.a(_exit.o)
 *(.fini0)
                0x00000000000028e2                _etext = .

.siminfo        0x00000000000028e2       0x28
 .siminfo       0x00000000000028e2       0x28 /home/sohamchakraborty/Desktop/Project 2/lib_proj2.a(uart.o)
                0x00000000000028e2                siminfo_serial_out
                0x00000000000028ed                siminfo_serial_in
                0x00000000000028f8                siminfo_cpufrequency
                0x00000000000028fe                siminfo_device

.data           0x0000000000800100       0xd2 load address 0x000000000000290a
                0x0000000000800100                PROVIDE (__data_start, .)
 *(.data)
 .data          0x0000000000800100        0x0 /usr/lib/gcc/avr/5.4.0/../../../avr/lib/avr5/crtatmega328p.o
 .data          0x0000000000800100       0x12 obj/Debug/config.o
                0x0000000000800100                config_defaults
 .data          0x0000000000800112        0x0 obj/Debug/delay.o
 .data          0x0000000000800112        0x0 obj/Debug/eeprom.o
 .data          0x0000000000800112        0x0 obj/Debug/led.o
 .data          0x0000000000800112        0x0 obj/Debug/main.o
 .data          0x0000000000800112        0x0 obj/Debug/timer1.o
 .data          0x0000000000800112        0x0 obj/Debug/util.o
 .data          0x0000000000800112       0x37 obj/Debug/vpd.o
                0x0000000000800112                vpd_defaults
 .data          0x0000000000800149        0x0 /home/sohamchakraborty/Desktop/Project 2/lib_proj2.a(log.o)
 .data          0x0000000000800149       0x14 /home/sohamchakraborty/Desktop/Project 2/lib_proj2.a(rtc.o)
 .data          0x000000000080015d        0x0 /home/sohamchakraborty/Desktop/Project 2/lib_proj2.a(str.o)
 .data          0x000000000080015d        0x0 /home/sohamchakraborty/Desktop/Project 2/lib_proj2.a(uart.o)
 .data          0x000000000080015d        0x0 /home/sohamchakraborty/Desktop/Project 2/lib_proj2.a(util_part.o)
 .data          0x000000000080015d        0x0 /home/sohamchakraborty/Desktop/Project 2/lib_proj2.a(serial.o)
 .data          0x000000000080015d        0x0 /tmp/ccqRPxk2.o
 .data          0x000000000080015d        0x0 /tmp/ccrTBb1a.o
 .data          0x000000000080015d        0x0 /tmp/cc0NMGLj.o
 .data          0x000000000080015d        0x0 /usr/lib/gcc/avr/5.4.0/avr5/libgcc.a(_mulsi3.o)
 .data          0x000000000080015d        0x0 /usr/lib/gcc/avr/5.4.0/avr5/libgcc.a(_udivmodhi4.o)
 .data          0x000000000080015d        0x0 /usr/lib/gcc/avr/5.4.0/avr5/libgcc.a(_divmodhi4.o)
 .data          0x000000000080015d        0x0 /usr/lib/gcc/avr/5.4.0/avr5/libgcc.a(_udivmodsi4.o)
 .data          0x000000000080015d        0x0 /usr/lib/gcc/avr/5.4.0/avr5/libgcc.a(_divmodsi4.o)
 .data          0x000000000080015d        0x0 /usr/lib/gcc/avr/5.4.0/avr5/libgcc.a(_negsi2.o)
 .data          0x000000000080015d        0x0 /usr/lib/gcc/avr/5.4.0/avr5/libgcc.a(_exit.o)
 .data          0x000000000080015d        0x0 /usr/lib/gcc/avr/5.4.0/avr5/libgcc.a(_copy_data.o)
 .data          0x000000000080015d        0x0 /usr/lib/gcc/avr/5.4.0/avr5/libgcc.a(_clear_bss.o)
 .data          0x000000000080015d        0x0 /usr/lib/gcc/avr/5.4.0/avr5/libgcc.a(_umulhisi3.o)
 .data          0x000000000080015d        0x0 /usr/lib/gcc/avr/5.4.0/avr5/libgcc.a(_muluhisi3.o)
 .data          0x000000000080015d        0x0 /usr/lib/gcc/avr/5.4.0/../../../avr/lib/avr5/libc.a(strlen.o)
 *(.data*)
 *(.rodata)
 .rodata        0x000000000080015d       0x4e obj/Debug/main.o
 .rodata        0x00000000008001ab        0xc /home/sohamchakraborty/Desktop/Project 2/lib_proj2.a(rtc.o)
 *(.rodata*)
 .rodata.str1.1
                0x00000000008001b7       0x14 /home/sohamchakraborty/Desktop/Project 2/lib_proj2.a(rtc.o)
 .rodata.str1.1
                0x00000000008001cb        0x7 /home/sohamchakraborty/Desktop/Project 2/lib_proj2.a(util_part.o)
 *(.gnu.linkonce.d*)
                0x00000000008001d2                . = ALIGN (0x2)
                0x00000000008001d2                _edata = .
                0x00000000008001d2                PROVIDE (__data_end, .)

.bss            0x00000000008001d2      0x1ba
                0x00000000008001d2                PROVIDE (__bss_start, .)
 *(.bss)
 .bss           0x00000000008001d2        0x0 /usr/lib/gcc/avr/5.4.0/../../../avr/lib/avr5/crtatmega328p.o
 .bss           0x00000000008001d2        0x0 obj/Debug/config.o
 .bss           0x00000000008001d2        0x9 obj/Debug/delay.o
 .bss           0x00000000008001db        0x1 obj/Debug/eeprom.o
                0x00000000008001db                write_busy
 .bss           0x00000000008001dc        0x0 obj/Debug/led.o
 .bss           0x00000000008001dc        0x0 obj/Debug/main.o
 .bss           0x00000000008001dc        0x4 obj/Debug/timer1.o
 .bss           0x00000000008001e0        0x0 obj/Debug/util.o
 .bss           0x00000000008001e0        0x0 obj/Debug/vpd.o
 .bss           0x00000000008001e0       0x83 /home/sohamchakraborty/Desktop/Project 2/lib_proj2.a(log.o)
 .bss           0x0000000000800263        0x0 /home/sohamchakraborty/Desktop/Project 2/lib_proj2.a(rtc.o)
 .bss           0x0000000000800263        0x0 /home/sohamchakraborty/Desktop/Project 2/lib_proj2.a(str.o)
 .bss           0x0000000000800263        0x0 /home/sohamchakraborty/Desktop/Project 2/lib_proj2.a(uart.o)
 .bss           0x0000000000800263        0x0 /home/sohamchakraborty/Desktop/Project 2/lib_proj2.a(util_part.o)
 .bss           0x0000000000800263        0x4 /home/sohamchakraborty/Desktop/Project 2/lib_proj2.a(serial.o)
                0x0000000000800263                txtail
                0x0000000000800264                txhead
                0x0000000000800265                rxtail
                0x0000000000800266                rxhead
 .bss           0x0000000000800267        0x9 /tmp/ccqRPxk2.o
 .bss           0x0000000000800270        0x6 /tmp/ccrTBb1a.o
                0x0000000000800270                Blink_msg
                0x0000000000800272                Blink_pos
                0x0000000000800274                blink_state
 .bss           0x0000000000800276        0x4 /tmp/cc0NMGLj.o
 .bss           0x000000000080027a        0x0 /usr/lib/gcc/avr/5.4.0/avr5/libgcc.a(_mulsi3.o)
 .bss           0x000000000080027a        0x0 /usr/lib/gcc/avr/5.4.0/avr5/libgcc.a(_udivmodhi4.o)
 .bss           0x000000000080027a        0x0 /usr/lib/gcc/avr/5.4.0/avr5/libgcc.a(_divmodhi4.o)
 .bss           0x000000000080027a        0x0 /usr/lib/gcc/avr/5.4.0/avr5/libgcc.a(_udivmodsi4.o)
 .bss           0x000000000080027a        0x0 /usr/lib/gcc/avr/5.4.0/avr5/libgcc.a(_divmodsi4.o)
 .bss           0x000000000080027a        0x0 /usr/lib/gcc/avr/5.4.0/avr5/libgcc.a(_negsi2.o)
 .bss           0x000000000080027a        0x0 /usr/lib/gcc/avr/5.4.0/avr5/libgcc.a(_exit.o)
 .bss           0x000000000080027a        0x0 /usr/lib/gcc/avr/5.4.0/avr5/libgcc.a(_copy_data.o)
 .bss           0x000000000080027a        0x0 /usr/lib/gcc/avr/5.4.0/avr5/libgcc.a(_clear_bss.o)
 .bss           0x000000000080027a        0x0 /usr/lib/gcc/avr/5.4.0/avr5/libgcc.a(_umulhisi3.o)
 .bss           0x000000000080027a        0x0 /usr/lib/gcc/avr/5.4.0/avr5/libgcc.a(_muluhisi3.o)
 .bss           0x000000000080027a        0x0 /usr/lib/gcc/avr/5.4.0/../../../avr/lib/avr5/libc.a(strlen.o)
 *(.bss*)
 *(COMMON)
 COMMON         0x000000000080027a       0x13 obj/Debug/config.o
                0x000000000080027a                modified
                0x000000000080027b                config
 COMMON         0x000000000080028d       0x44 obj/Debug/eeprom.o
                0x000000000080028d                writeaddr
                0x000000000080028f                writesize
                0x0000000000800290                writebuf
                0x00000000008002d0                bufidx
 COMMON         0x00000000008002d1        0x0 obj/Debug/led.o
 COMMON         0x00000000008002d1       0x37 obj/Debug/main.o
                0x00000000008002d1                vpd
 COMMON         0x0000000000800308        0x4 /home/sohamchakraborty/Desktop/Project 2/lib_proj2.a(rtc.o)
                0x0000000000800308                rtc_base
 COMMON         0x000000000080030c       0x80 /home/sohamchakraborty/Desktop/Project 2/lib_proj2.a(serial.o)
                0x000000000080030c                rxbuf
                0x000000000080034c                txbuf
                0x000000000080038c                PROVIDE (__bss_end, .)
                0x000000000000290a                __data_load_start = LOADADDR (.data)
                0x00000000000029dc                __data_load_end = (__data_load_start + SIZEOF (.data))

.noinit         0x000000000080038c        0x0
                [!provide]                        PROVIDE (__noinit_start, .)
 *(.noinit*)
                [!provide]                        PROVIDE (__noinit_end, .)
                0x000000000080038c                _end = .
                [!provide]                        PROVIDE (__heap_start, .)

.eeprom         0x0000000000810000        0x0
 *(.eeprom*)
                0x0000000000810000                __eeprom_end = .

.fuse
 *(.fuse)
 *(.lfuse)
 *(.hfuse)
 *(.efuse)

.lock
 *(.lock*)

.signature
 *(.signature*)

.user_signatures
 *(.user_signatures*)

.stab           0x0000000000000000     0x36b4
 *(.stab)
 .stab          0x0000000000000000      0x810 obj/Debug/config.o
 .stab          0x0000000000000810      0x66c obj/Debug/delay.o
                                        0x678 (size before relaxing)
 .stab          0x0000000000000e7c      0xbd0 obj/Debug/eeprom.o
                                        0xbdc (size before relaxing)
 .stab          0x0000000000001a4c      0x6cc obj/Debug/led.o
                                        0x6d8 (size before relaxing)
 .stab          0x0000000000002118      0x4e0 obj/Debug/main.o
                                        0x504 (size before relaxing)
 .stab          0x00000000000025f8      0x4f8 obj/Debug/timer1.o
                                        0x504 (size before relaxing)
 .stab          0x0000000000002af0      0x510 obj/Debug/util.o
                                        0x57c (size before relaxing)
 .stab          0x0000000000003000      0x6b4 obj/Debug/vpd.o
                                        0x6c0 (size before relaxing)

.stabstr        0x0000000000000000     0x1d50
 *(.stabstr)
 .stabstr       0x0000000000000000     0x1d50 obj/Debug/config.o

.stab.excl
 *(.stab.excl)

.stab.exclstr
 *(.stab.exclstr)

.stab.index
 *(.stab.index)

.stab.indexstr
 *(.stab.indexstr)

.comment        0x0000000000000000       0x11
 *(.comment)
 .comment       0x0000000000000000       0x11 obj/Debug/config.o
                                         0x12 (size before relaxing)
 .comment       0x0000000000000011       0x12 obj/Debug/delay.o
 .comment       0x0000000000000011       0x12 obj/Debug/eeprom.o
 .comment       0x0000000000000011       0x12 obj/Debug/led.o
 .comment       0x0000000000000011       0x12 obj/Debug/main.o
 .comment       0x0000000000000011       0x12 obj/Debug/timer1.o
 .comment       0x0000000000000011       0x12 obj/Debug/util.o
 .comment       0x0000000000000011       0x12 obj/Debug/vpd.o
 .comment       0x0000000000000011       0x12 /home/sohamchakraborty/Desktop/Project 2/lib_proj2.a(log.o)
 .comment       0x0000000000000011       0x12 /home/sohamchakraborty/Desktop/Project 2/lib_proj2.a(rtc.o)
 .comment       0x0000000000000011       0x12 /home/sohamchakraborty/Desktop/Project 2/lib_proj2.a(str.o)
 .comment       0x0000000000000011       0x12 /home/sohamchakraborty/Desktop/Project 2/lib_proj2.a(uart.o)
 .comment       0x0000000000000011       0x12 /home/sohamchakraborty/Desktop/Project 2/lib_proj2.a(util_part.o)
 .comment       0x0000000000000011       0x12 /home/sohamchakraborty/Desktop/Project 2/lib_proj2.a(serial.o)
 .comment       0x0000000000000011       0x12 /tmp/ccqRPxk2.o
 .comment       0x0000000000000011       0x12 /tmp/ccrTBb1a.o
 .comment       0x0000000000000011       0x12 /tmp/cc0NMGLj.o

.note.gnu.avr.deviceinfo
                0x0000000000000000       0x40
 .note.gnu.avr.deviceinfo
                0x0000000000000000       0x40 /usr/lib/gcc/avr/5.4.0/../../../avr/lib/avr5/crtatmega328p.o

.note.gnu.build-id
 *(.note.gnu.build-id)

.debug
 *(.debug)

.line
 *(.line)

.debug_srcinfo
 *(.debug_srcinfo)

.debug_sfnames
 *(.debug_sfnames)

.debug_aranges
 *(.debug_aranges)

.debug_pubnames
 *(.debug_pubnames)

.debug_info     0x0000000000000000      0x5f4
 *(.debug_info .gnu.linkonce.wi.*)
 .debug_info    0x0000000000000000      0x5f4 /usr/lib/gcc/avr/5.4.0/../../../avr/lib/avr5/crtatmega328p.o

.debug_abbrev   0x0000000000000000      0x5a2
 *(.debug_abbrev)
 .debug_abbrev  0x0000000000000000      0x5a2 /usr/lib/gcc/avr/5.4.0/../../../avr/lib/avr5/crtatmega328p.o

.debug_line     0x0000000000000000       0x1a
 *(.debug_line .debug_line.* .debug_line_end)
 .debug_line    0x0000000000000000       0x1a /usr/lib/gcc/avr/5.4.0/../../../avr/lib/avr5/crtatmega328p.o

.debug_frame
 *(.debug_frame)

.debug_str      0x0000000000000000      0x208
 *(.debug_str)
 .debug_str     0x0000000000000000      0x208 /usr/lib/gcc/avr/5.4.0/../../../avr/lib/avr5/crtatmega328p.o

.debug_loc
 *(.debug_loc)

.debug_macinfo
 *(.debug_macinfo)

.debug_weaknames
 *(.debug_weaknames)

.debug_funcnames
 *(.debug_funcnames)

.debug_typenames
 *(.debug_typenames)

.debug_varnames
 *(.debug_varnames)

.debug_pubtypes
 *(.debug_pubtypes)

.debug_ranges
 *(.debug_ranges)

.debug_macro
 *(.debug_macro)
OUTPUT(bin/Debug/proj2.elf elf32-avr)
LOAD linker stubs

Cross Reference Table

Symbol                                            File
Blink_msg                                         /tmp/ccrTBb1a.o
                                                  obj/Debug/led.o
Blink_pos                                         /tmp/ccrTBb1a.o
                                                  obj/Debug/led.o
EEPROM_set_write_mode                             obj/Debug/eeprom.o
_Z10delay_initv                                   /tmp/ccqRPxk2.o
_Z10led_updatev                                   /tmp/ccrTBb1a.o
_Z10timer1_getv                                   /tmp/cc0NMGLj.o
_Z11__vector_11v                                  /tmp/cc0NMGLj.o
_Z11__vector_14v                                  /tmp/ccqRPxk2.o
_Z11timer1_initv                                  /tmp/cc0NMGLj.o
_Z12delay_isdonej                                 /tmp/ccqRPxk2.o
                                                  /tmp/ccrTBb1a.o
_Z12timer1_clearv                                 /tmp/cc0NMGLj.o
_Z13led_set_blinkPc                               /tmp/ccrTBb1a.o
_Z6led_onv                                        /tmp/ccrTBb1a.o
_Z7led_offv                                       /tmp/ccrTBb1a.o
_Z8led_initv                                      /tmp/ccrTBb1a.o
_Z9delay_getj                                     /tmp/ccqRPxk2.o
_Z9delay_setjj                                    /tmp/ccqRPxk2.o
                                                  /tmp/ccrTBb1a.o
_Z9led_is_onv                                     /tmp/ccrTBb1a.o
__FUSE_REGION_LENGTH__                            /usr/lib/gcc/avr/5.4.0/../../../avr/lib/avr5/crtatmega328p.o
__bad_interrupt                                   /usr/lib/gcc/avr/5.4.0/../../../avr/lib/avr5/crtatmega328p.o
__bss_end                                         /usr/lib/gcc/avr/5.4.0/avr5/libgcc.a(_clear_bss.o)
__bss_start                                       /usr/lib/gcc/avr/5.4.0/avr5/libgcc.a(_clear_bss.o)
__data_end                                        /usr/lib/gcc/avr/5.4.0/avr5/libgcc.a(_copy_data.o)
__data_load_start                                 /usr/lib/gcc/avr/5.4.0/avr5/libgcc.a(_copy_data.o)
__data_start                                      /usr/lib/gcc/avr/5.4.0/avr5/libgcc.a(_copy_data.o)
__divmodhi4                                       /usr/lib/gcc/avr/5.4.0/avr5/libgcc.a(_divmodhi4.o)
                                                  /home/sohamchakraborty/Desktop/Project 2/lib_proj2.a(log.o)
__divmodsi4                                       /usr/lib/gcc/avr/5.4.0/avr5/libgcc.a(_divmodsi4.o)
                                                  /home/sohamchakraborty/Desktop/Project 2/lib_proj2.a(uart.o)
__do_clear_bss                                    /usr/lib/gcc/avr/5.4.0/avr5/libgcc.a(_clear_bss.o)
                                                  /tmp/cc0NMGLj.o
                                                  /tmp/ccrTBb1a.o
                                                  /tmp/ccqRPxk2.o
                                                  /home/sohamchakraborty/Desktop/Project 2/lib_proj2.a(serial.o)
                                                  /home/sohamchakraborty/Desktop/Project 2/lib_proj2.a(rtc.o)
                                                  /home/sohamchakraborty/Desktop/Project 2/lib_proj2.a(log.o)
                                                  obj/Debug/vpd.o
                                                  obj/Debug/timer1.o
                                                  obj/Debug/main.o
                                                  obj/Debug/led.o
                                                  obj/Debug/eeprom.o
                                                  obj/Debug/delay.o
                                                  obj/Debug/config.o
__do_copy_data                                    /usr/lib/gcc/avr/5.4.0/avr5/libgcc.a(_copy_data.o)
                                                  /home/sohamchakraborty/Desktop/Project 2/lib_proj2.a(util_part.o)
                                                  /home/sohamchakraborty/Desktop/Project 2/lib_proj2.a(rtc.o)
                                                  obj/Debug/vpd.o
                                                  obj/Debug/main.o
                                                  obj/Debug/config.o
__heap_end                                        /usr/lib/gcc/avr/5.4.0/../../../avr/lib/avr5/crtatmega328p.o
__init                                            /usr/lib/gcc/avr/5.4.0/../../../avr/lib/avr5/crtatmega328p.o
__mulsi3                                          /usr/lib/gcc/avr/5.4.0/avr5/libgcc.a(_mulsi3.o)
                                                  /home/sohamchakraborty/Desktop/Project 2/lib_proj2.a(rtc.o)
__muluhisi3                                       /usr/lib/gcc/avr/5.4.0/avr5/libgcc.a(_muluhisi3.o)
                                                  /usr/lib/gcc/avr/5.4.0/avr5/libgcc.a(_mulsi3.o)
                                                  /home/sohamchakraborty/Desktop/Project 2/lib_proj2.a(uart.o)
                                                  /home/sohamchakraborty/Desktop/Project 2/lib_proj2.a(rtc.o)
__negsi2                                          /usr/lib/gcc/avr/5.4.0/avr5/libgcc.a(_negsi2.o)
                                                  /usr/lib/gcc/avr/5.4.0/avr5/libgcc.a(_divmodsi4.o)
__stack                                           /usr/lib/gcc/avr/5.4.0/../../../avr/lib/avr5/crtatmega328p.o
__udivmodhi4                                      /usr/lib/gcc/avr/5.4.0/avr5/libgcc.a(_udivmodhi4.o)
                                                  /usr/lib/gcc/avr/5.4.0/avr5/libgcc.a(_divmodhi4.o)
                                                  /home/sohamchakraborty/Desktop/Project 2/lib_proj2.a(str.o)
                                                  /home/sohamchakraborty/Desktop/Project 2/lib_proj2.a(rtc.o)
__udivmodsi4                                      /usr/lib/gcc/avr/5.4.0/avr5/libgcc.a(_udivmodsi4.o)
                                                  /usr/lib/gcc/avr/5.4.0/avr5/libgcc.a(_divmodsi4.o)
                                                  /home/sohamchakraborty/Desktop/Project 2/lib_proj2.a(rtc.o)
__umulhisi3                                       /usr/lib/gcc/avr/5.4.0/avr5/libgcc.a(_umulhisi3.o)
                                                  /usr/lib/gcc/avr/5.4.0/avr5/libgcc.a(_muluhisi3.o)
                                                  /home/sohamchakraborty/Desktop/Project 2/lib_proj2.a(rtc.o)
__vector_1                                        /usr/lib/gcc/avr/5.4.0/../../../avr/lib/avr5/crtatmega328p.o
__vector_10                                       /usr/lib/gcc/avr/5.4.0/../../../avr/lib/avr5/crtatmega328p.o
__vector_11                                       obj/Debug/timer1.o
                                                  /usr/lib/gcc/avr/5.4.0/../../../avr/lib/avr5/crtatmega328p.o
__vector_12                                       /usr/lib/gcc/avr/5.4.0/../../../avr/lib/avr5/crtatmega328p.o
__vector_13                                       /usr/lib/gcc/avr/5.4.0/../../../avr/lib/avr5/crtatmega328p.o
__vector_14                                       obj/Debug/delay.o
                                                  /usr/lib/gcc/avr/5.4.0/../../../avr/lib/avr5/crtatmega328p.o
__vector_15                                       /usr/lib/gcc/avr/5.4.0/../../../avr/lib/avr5/crtatmega328p.o
__vector_16                                       /usr/lib/gcc/avr/5.4.0/../../../avr/lib/avr5/crtatmega328p.o
__vector_17                                       /usr/lib/gcc/avr/5.4.0/../../../avr/lib/avr5/crtatmega328p.o
__vector_18                                       /home/sohamchakraborty/Desktop/Project 2/lib_proj2.a(serial.o)
                                                  /usr/lib/gcc/avr/5.4.0/../../../avr/lib/avr5/crtatmega328p.o
__vector_19                                       /home/sohamchakraborty/Desktop/Project 2/lib_proj2.a(serial.o)
                                                  /usr/lib/gcc/avr/5.4.0/../../../avr/lib/avr5/crtatmega328p.o
__vector_2                                        /usr/lib/gcc/avr/5.4.0/../../../avr/lib/avr5/crtatmega328p.o
__vector_20                                       /usr/lib/gcc/avr/5.4.0/../../../avr/lib/avr5/crtatmega328p.o
__vector_21                                       /usr/lib/gcc/avr/5.4.0/../../../avr/lib/avr5/crtatmega328p.o
__vector_22                                       obj/Debug/eeprom.o
                                                  /usr/lib/gcc/avr/5.4.0/../../../avr/lib/avr5/crtatmega328p.o
__vector_23                                       /usr/lib/gcc/avr/5.4.0/../../../avr/lib/avr5/crtatmega328p.o
__vector_24                                       /usr/lib/gcc/avr/5.4.0/../../../avr/lib/avr5/crtatmega328p.o
__vector_25                                       /usr/lib/gcc/avr/5.4.0/../../../avr/lib/avr5/crtatmega328p.o
__vector_3                                        /usr/lib/gcc/avr/5.4.0/../../../avr/lib/avr5/crtatmega328p.o
__vector_4                                        /usr/lib/gcc/avr/5.4.0/../../../avr/lib/avr5/crtatmega328p.o
__vector_5                                        /usr/lib/gcc/avr/5.4.0/../../../avr/lib/avr5/crtatmega328p.o
__vector_6                                        /usr/lib/gcc/avr/5.4.0/../../../avr/lib/avr5/crtatmega328p.o
__vector_7                                        /usr/lib/gcc/avr/5.4.0/../../../avr/lib/avr5/crtatmega328p.o
__vector_8                                        /usr/lib/gcc/avr/5.4.0/../../../avr/lib/avr5/crtatmega328p.o
__vector_9                                        /usr/lib/gcc/avr/5.4.0/../../../avr/lib/avr5/crtatmega328p.o
__vector_default                                  /usr/lib/gcc/avr/5.4.0/../../../avr/lib/avr5/crtatmega328p.o
__vectors                                         /usr/lib/gcc/avr/5.4.0/../../../avr/lib/avr5/crtatmega328p.o
_div                                              /usr/lib/gcc/avr/5.4.0/avr5/libgcc.a(_divmodhi4.o)
_exit                                             /usr/lib/gcc/avr/5.4.0/avr5/libgcc.a(_exit.o)
blink_state                                       /tmp/ccrTBb1a.o
                                                  obj/Debug/led.o
bufidx                                            obj/Debug/eeprom.o
calc_checksum                                     obj/Debug/util.o
compare                                           obj/Debug/vpd.o
config                                            obj/Debug/main.o
                                                  obj/Debug/config.o
config_defaults                                   obj/Debug/config.o
config_init                                       obj/Debug/config.o
                                                  obj/Debug/main.o
config_is_data_valid                              obj/Debug/config.o
config_set_modified                               obj/Debug/config.o
                                                  obj/Debug/main.o
config_update                                     obj/Debug/config.o
                                                  obj/Debug/main.o
config_write_defaults                             obj/Debug/config.o
delay_get                                         obj/Debug/delay.o
delay_init                                        obj/Debug/delay.o
                                                  obj/Debug/main.o
delay_isdone                                      obj/Debug/delay.o
                                                  obj/Debug/led.o
delay_set                                         obj/Debug/delay.o
                                                  obj/Debug/led.o
dump_eeprom                                       /home/sohamchakraborty/Desktop/Project 2/lib_proj2.a(util_part.o)
                                                  obj/Debug/main.o
eeprom_isbusy                                     obj/Debug/eeprom.o
                                                  /home/sohamchakraborty/Desktop/Project 2/lib_proj2.a(log.o)
                                                  obj/Debug/vpd.o
                                                  obj/Debug/main.o
                                                  obj/Debug/config.o
eeprom_readbuf                                    obj/Debug/eeprom.o
                                                  /home/sohamchakraborty/Desktop/Project 2/lib_proj2.a(util_part.o)
                                                  /home/sohamchakraborty/Desktop/Project 2/lib_proj2.a(log.o)
                                                  obj/Debug/vpd.o
                                                  obj/Debug/config.o
eeprom_readenable                                 obj/Debug/eeprom.o
eeprom_unlock                                     obj/Debug/eeprom.o
eeprom_writebuf                                   obj/Debug/eeprom.o
                                                  /home/sohamchakraborty/Desktop/Project 2/lib_proj2.a(log.o)
                                                  obj/Debug/vpd.o
                                                  obj/Debug/config.o
exit                                              /usr/lib/gcc/avr/5.4.0/avr5/libgcc.a(_exit.o)
                                                  /usr/lib/gcc/avr/5.4.0/../../../avr/lib/avr5/crtatmega328p.o
get_month                                         /home/sohamchakraborty/Desktop/Project 2/lib_proj2.a(rtc.o)
is_checksum_valid                                 obj/Debug/util.o
                                                  obj/Debug/vpd.o
                                                  obj/Debug/config.o
is_leapyear                                       /home/sohamchakraborty/Desktop/Project 2/lib_proj2.a(rtc.o)
led_init                                          obj/Debug/led.o
                                                  obj/Debug/main.o
led_is_on                                         obj/Debug/led.o
led_off                                           obj/Debug/led.o
led_on                                            obj/Debug/led.o
led_set_blink                                     obj/Debug/led.o
                                                  obj/Debug/main.o
led_update                                        obj/Debug/led.o
                                                  obj/Debug/main.o
log_add_record                                    /home/sohamchakraborty/Desktop/Project 2/lib_proj2.a(log.o)
                                                  obj/Debug/main.o
log_clear                                         /home/sohamchakraborty/Desktop/Project 2/lib_proj2.a(log.o)
                                                  obj/Debug/main.o
log_get_num_entries                               /home/sohamchakraborty/Desktop/Project 2/lib_proj2.a(log.o)
log_get_record                                    /home/sohamchakraborty/Desktop/Project 2/lib_proj2.a(log.o)
log_init                                          /home/sohamchakraborty/Desktop/Project 2/lib_proj2.a(log.o)
                                                  obj/Debug/main.o
log_is_data_valid                                 /home/sohamchakraborty/Desktop/Project 2/lib_proj2.a(log.o)
log_update                                        /home/sohamchakraborty/Desktop/Project 2/lib_proj2.a(log.o)
                                                  obj/Debug/main.o
main                                              obj/Debug/main.o
                                                  /usr/lib/gcc/avr/5.4.0/../../../avr/lib/avr5/crtatmega328p.o
modified                                          obj/Debug/main.o
                                                  obj/Debug/config.o
rtc_base                                          /home/sohamchakraborty/Desktop/Project 2/lib_proj2.a(rtc.o)
rtc_get_date                                      /home/sohamchakraborty/Desktop/Project 2/lib_proj2.a(rtc.o)
                                                  /home/sohamchakraborty/Desktop/Project 2/lib_proj2.a(log.o)
rtc_get_date_string                               /home/sohamchakraborty/Desktop/Project 2/lib_proj2.a(rtc.o)
rtc_init                                          /home/sohamchakraborty/Desktop/Project 2/lib_proj2.a(rtc.o)
                                                  obj/Debug/main.o
rtc_num2datestr                                   /home/sohamchakraborty/Desktop/Project 2/lib_proj2.a(rtc.o)
rtc_set_by_datestr                                /home/sohamchakraborty/Desktop/Project 2/lib_proj2.a(rtc.o)
                                                  obj/Debug/main.o
rxbuf                                             /home/sohamchakraborty/Desktop/Project 2/lib_proj2.a(serial.o)
rxhead                                            /home/sohamchakraborty/Desktop/Project 2/lib_proj2.a(serial.o)
rxtail                                            /home/sohamchakraborty/Desktop/Project 2/lib_proj2.a(serial.o)
serial_init                                       /home/sohamchakraborty/Desktop/Project 2/lib_proj2.a(serial.o)
                                                  /home/sohamchakraborty/Desktop/Project 2/lib_proj2.a(uart.o)
serial_popchar                                    /home/sohamchakraborty/Desktop/Project 2/lib_proj2.a(serial.o)
serial_rxchars                                    /home/sohamchakraborty/Desktop/Project 2/lib_proj2.a(serial.o)
serial_writechar                                  /home/sohamchakraborty/Desktop/Project 2/lib_proj2.a(serial.o)
                                                  /home/sohamchakraborty/Desktop/Project 2/lib_proj2.a(uart.o)
serial_writestr                                   /home/sohamchakraborty/Desktop/Project 2/lib_proj2.a(serial.o)
serial_writestr_P                                 /home/sohamchakraborty/Desktop/Project 2/lib_proj2.a(serial.o)
siminfo_cpufrequency                              /home/sohamchakraborty/Desktop/Project 2/lib_proj2.a(uart.o)
siminfo_device                                    /home/sohamchakraborty/Desktop/Project 2/lib_proj2.a(uart.o)
siminfo_serial_in                                 /home/sohamchakraborty/Desktop/Project 2/lib_proj2.a(uart.o)
siminfo_serial_out                                /home/sohamchakraborty/Desktop/Project 2/lib_proj2.a(uart.o)
str_compare                                       obj/Debug/config.o
str_cpy                                           /home/sohamchakraborty/Desktop/Project 2/lib_proj2.a(str.o)
                                                  /home/sohamchakraborty/Desktop/Project 2/lib_proj2.a(rtc.o)
str_writeudec16                                   /home/sohamchakraborty/Desktop/Project 2/lib_proj2.a(str.o)
                                                  /home/sohamchakraborty/Desktop/Project 2/lib_proj2.a(rtc.o)
strlen                                            /usr/lib/gcc/avr/5.4.0/../../../avr/lib/avr5/libc.a(strlen.o)
                                                  /tmp/ccrTBb1a.o
                                                  obj/Debug/led.o
timer1_clear                                      obj/Debug/timer1.o
                                                  /home/sohamchakraborty/Desktop/Project 2/lib_proj2.a(rtc.o)
timer1_get                                        obj/Debug/timer1.o
                                                  /home/sohamchakraborty/Desktop/Project 2/lib_proj2.a(rtc.o)
timer1_init                                       obj/Debug/timer1.o
                                                  /home/sohamchakraborty/Desktop/Project 2/lib_proj2.a(rtc.o)
txbuf                                             /home/sohamchakraborty/Desktop/Project 2/lib_proj2.a(serial.o)
txhead                                            /home/sohamchakraborty/Desktop/Project 2/lib_proj2.a(serial.o)
txtail                                            /home/sohamchakraborty/Desktop/Project 2/lib_proj2.a(serial.o)
uart_init                                         /home/sohamchakraborty/Desktop/Project 2/lib_proj2.a(uart.o)
                                                  obj/Debug/main.o
uart_writechar                                    /home/sohamchakraborty/Desktop/Project 2/lib_proj2.a(uart.o)
                                                  /home/sohamchakraborty/Desktop/Project 2/lib_proj2.a(util_part.o)
uart_writedec32                                   /home/sohamchakraborty/Desktop/Project 2/lib_proj2.a(uart.o)
uart_writehex16                                   /home/sohamchakraborty/Desktop/Project 2/lib_proj2.a(uart.o)
uart_writehex8                                    /home/sohamchakraborty/Desktop/Project 2/lib_proj2.a(uart.o)
                                                  /home/sohamchakraborty/Desktop/Project 2/lib_proj2.a(util_part.o)
                                                  obj/Debug/main.o
uart_writestr                                     /home/sohamchakraborty/Desktop/Project 2/lib_proj2.a(uart.o)
                                                  /home/sohamchakraborty/Desktop/Project 2/lib_proj2.a(util_part.o)
                                                  obj/Debug/main.o
update_checksum                                   obj/Debug/util.o
                                                  /home/sohamchakraborty/Desktop/Project 2/lib_proj2.a(log.o)
                                                  obj/Debug/vpd.o
                                                  obj/Debug/config.o
vpd                                               obj/Debug/vpd.o
                                                  obj/Debug/main.o
vpd_defaults                                      obj/Debug/vpd.o
vpd_init                                          obj/Debug/vpd.o
                                                  obj/Debug/main.o
vpd_is_data_valid                                 obj/Debug/vpd.o
vpd_write_defaults                                obj/Debug/vpd.o
write_busy                                        obj/Debug/eeprom.o
writeaddr                                         obj/Debug/eeprom.o
writebuf                                          obj/Debug/eeprom.o
writesize                                         obj/Debug/eeprom.o
